// Jest Snapshot v1, https://goo.gl/fbAQLP

exports[`Header should be an instance of Header component 1`] = `
<header
  className="header"
>
  <div
    className="welcome-holder"
  >
    <img
      alt="logo"
      className="blucifer-logo"
      src="DarkLogo.png"
    />
    <h3
      className="user-welcome"
    >
      Welcome, 
      !
    </h3>
  </div>
  <h3>
    , made easy.
  </h3>
  <button
    className="logout-btn"
    onClick={[Function]}
  >
    Logout
  </button>
</header>
`;
