// Jest Snapshot v1, https://goo.gl/fbAQLP

exports[`ListingsContainer should be an instance of ListingsContainer component 1`] = `
<section
  className="listings-pg"
>
  <div
    className="listings-header"
  >
    <h2
      className="area-title"
    >
      River North
    </h2>
  </div>
  <h2
    className="listing-count"
  >
    0
     places to stay
  </h2>
  <section
    className="listings-container"
  />
</section>
`;
