// Jest Snapshot v1, https://goo.gl/fbAQLP

exports[`ListingCard should be an instance of ListingCard component 1`] = `
<div
  className="listing-card"
>
  <img
    alt="listing-img"
    className="listing-img"
    src="/images/undefined_a.jpg"
  />
  <section
    className="listing-info"
  >
    <h2 />
    <div>
      <p
        className="listing-cost-per-night"
      >
        $
         / Night
      </p>
      <Link
        to="/nav/areas/undefined/listings/undefined"
      >
        <button
          className="details-btn"
          onClick={[Function]}
        >
          Details
        </button>
      </Link>
    </div>
  </section>
</div>
`;
